Current time: Tuesday, May 12, 2026 — 02:13 UTC (approx)
